error[E0277]: the trait bound `diesel::pg::expression::operators::ILike<columns::name, diesel::expression::bound::Bound<diesel::sql_types::Text, &str>>: QueryFragment<Sqlite>` is not satisfied
    --> tests/fail/ilike_only_compiles_for_pg.rs:21:61
     |
21   |     users::table.filter(users::name.ilike("%hey%")).execute(&mut connection);
     |                                                     ------- ^^^^^^^^^^^^^^^ the trait `QueryFragment<Sqlite>` is not implemented for `diesel::pg::expression::operators::ILike<columns::name, diesel::expression::bound::Bound<diesel::sql_types::Text, &str>>`
     |                                                     |
     |                                                     required by a bound introduced by this call
     |
     = help: the trait `QueryFragment<Pg>` is implemented for `diesel::pg::expression::operators::ILike<T, U>`
     = note: required for `diesel::expression::grouped::Grouped<diesel::pg::expression::operators::ILike<columns::name, diesel::expression::bound::Bound<diesel::sql_types::Text, &str>>>` to implement `QueryFragment<Sqlite>`
     = note: 3 redundant requirements hidden
     = note: required for `SelectStatement<FromClause<users::table>, diesel::query_builder::select_clause::DefaultSelectClause<FromClause<users::table>>, diesel::query_builder::distinct_clause::NoDistinctClause, diesel::query_builder::where_clause::WhereClause<diesel::expression::grouped::Grouped<diesel::pg::expression::operators::ILike<columns::name, diesel::expression::bound::Bound<diesel::sql_types::Text, &str>>>>>` to implement `QueryFragment<Sqlite>`
     = note: required for `SelectStatement<FromClause<users::table>, diesel::query_builder::select_clause::DefaultSelectClause<FromClause<users::table>>, diesel::query_builder::distinct_clause::NoDistinctClause, diesel::query_builder::where_clause::WhereClause<diesel::expression::grouped::Grouped<diesel::pg::expression::operators::ILike<columns::name, diesel::expression::bound::Bound<diesel::sql_types::Text, &str>>>>>` to implement `ExecuteDsl<diesel::SqliteConnection, Sqlite>`
note: required by a bound in `diesel::RunQueryDsl::execute`
    --> $DIESEL/src/query_dsl/mod.rs
     |
     |         Self: methods::ExecuteDsl<Conn>,
     |               ^^^^^^^^^^^^^^^^^^^^^^^^^ required by this bound in `diesel::RunQueryDsl::execute`

error[E0277]: the trait bound `diesel::pg::expression::operators::ILike<columns::name, diesel::expression::bound::Bound<diesel::sql_types::Text, &str>>: QueryFragment<Mysql>` is not satisfied
    --> tests/fail/ilike_only_compiles_for_pg.rs:24:61
     |
24   |     users::table.filter(users::name.ilike("%hey%")).execute(&mut connection);
     |                                                     ------- ^^^^^^^^^^^^^^^ the trait `QueryFragment<Mysql>` is not implemented for `diesel::pg::expression::operators::ILike<columns::name, diesel::expression::bound::Bound<diesel::sql_types::Text, &str>>`
     |                                                     |
     |                                                     required by a bound introduced by this call
     |
     = help: the trait `QueryFragment<Pg>` is implemented for `diesel::pg::expression::operators::ILike<T, U>`
     = note: required for `diesel::expression::grouped::Grouped<diesel::pg::expression::operators::ILike<columns::name, diesel::expression::bound::Bound<diesel::sql_types::Text, &str>>>` to implement `QueryFragment<Mysql>`
     = note: 3 redundant requirements hidden
     = note: required for `SelectStatement<FromClause<users::table>, diesel::query_builder::select_clause::DefaultSelectClause<FromClause<users::table>>, diesel::query_builder::distinct_clause::NoDistinctClause, diesel::query_builder::where_clause::WhereClause<diesel::expression::grouped::Grouped<diesel::pg::expression::operators::ILike<columns::name, diesel::expression::bound::Bound<diesel::sql_types::Text, &str>>>>>` to implement `QueryFragment<Mysql>`
     = note: required for `SelectStatement<FromClause<users::table>, diesel::query_builder::select_clause::DefaultSelectClause<FromClause<users::table>>, diesel::query_builder::distinct_clause::NoDistinctClause, diesel::query_builder::where_clause::WhereClause<diesel::expression::grouped::Grouped<diesel::pg::expression::operators::ILike<columns::name, diesel::expression::bound::Bound<diesel::sql_types::Text, &str>>>>>` to implement `ExecuteDsl<diesel::MysqlConnection, Mysql>`
note: required by a bound in `diesel::RunQueryDsl::execute`
    --> $DIESEL/src/query_dsl/mod.rs
     |
     |         Self: methods::ExecuteDsl<Conn>,
     |               ^^^^^^^^^^^^^^^^^^^^^^^^^ required by this bound in `diesel::RunQueryDsl::execute`
