error[E0277]: the trait bound `diesel::query_builder::returning_clause::ReturningClause<(columns::id, columns::name)>: QueryFragment<Sqlite, backend::sql_dialect::returning_clause::DoesNotSupportReturningClause>` is not satisfied
    --> tests/fail/insert_statement_does_not_support_returning_methods_on_sqlite.rs:29:29
     |
29   |         .get_result::<User>(&mut connection);
     |          ----------         ^^^^^^^^^^^^^^^ the trait `QueryFragment<Sqlite, backend::sql_dialect::returning_clause::DoesNotSupportReturningClause>` is not implemented for `diesel::query_builder::returning_clause::ReturningClause<(columns::id, columns::name)>`
     |          |
     |          required by a bound introduced by this call
     |
     = help: the following other types implement trait `QueryFragment<DB, SP>`:
               <diesel::query_builder::returning_clause::ReturningClause<Expr> as QueryFragment<DB, backend::sql_dialect::returning_clause::PgLikeReturningClause>>
               <diesel::query_builder::returning_clause::ReturningClause<Expr> as QueryFragment<DB, sqlite::backend::SqliteReturningClause>>
               <diesel::query_builder::returning_clause::ReturningClause<Expr> as QueryFragment<DB>>
     = note: required for `diesel::query_builder::returning_clause::ReturningClause<(columns::id, columns::name)>` to implement `QueryFragment<Sqlite>`
     = note: 1 redundant requirement hidden
     = note: required for `InsertStatement<users::table, diesel::query_builder::insert_statement::ValuesClause<(DefaultableColumnInsertValue<ColumnInsertValue<columns::name, diesel::expression::bound::Bound<diesel::sql_types::Text, &std::string::String>>>,), users::table>, diesel::query_builder::insert_statement::private::Insert, diesel::query_builder::returning_clause::ReturningClause<(columns::id, columns::name)>>` to implement `QueryFragment<Sqlite>`
     = note: required for `InsertStatement<users::table, diesel::query_builder::insert_statement::ValuesClause<(DefaultableColumnInsertValue<ColumnInsertValue<columns::name, diesel::expression::bound::Bound<diesel::sql_types::Text, &std::string::String>>>,), users::table>>` to implement `LoadQuery<'_, SqliteConnection, User>`
note: required by a bound in `get_result`
    --> $DIESEL/src/query_dsl/mod.rs
     |
     |         Self: LoadQuery<'query, Conn, U>,
     |               ^^^^^^^^^^^^^^^^^^^^^^^^^^ required by this bound in `get_result`

error[E0277]: the trait bound `diesel::query_builder::returning_clause::ReturningClause<columns::name>: QueryFragment<Sqlite, backend::sql_dialect::returning_clause::DoesNotSupportReturningClause>` is not satisfied
    --> tests/fail/insert_statement_does_not_support_returning_methods_on_sqlite.rs:34:31
     |
34   |         .get_result::<String>(&mut connection);
     |          ----------           ^^^^^^^^^^^^^^^ the trait `QueryFragment<Sqlite, backend::sql_dialect::returning_clause::DoesNotSupportReturningClause>` is not implemented for `diesel::query_builder::returning_clause::ReturningClause<columns::name>`
     |          |
     |          required by a bound introduced by this call
     |
     = help: the following other types implement trait `QueryFragment<DB, SP>`:
               <diesel::query_builder::returning_clause::ReturningClause<Expr> as QueryFragment<DB, backend::sql_dialect::returning_clause::PgLikeReturningClause>>
               <diesel::query_builder::returning_clause::ReturningClause<Expr> as QueryFragment<DB, sqlite::backend::SqliteReturningClause>>
               <diesel::query_builder::returning_clause::ReturningClause<Expr> as QueryFragment<DB>>
     = note: required for `diesel::query_builder::returning_clause::ReturningClause<columns::name>` to implement `QueryFragment<Sqlite>`
     = note: 1 redundant requirement hidden
     = note: required for `InsertStatement<users::table, diesel::query_builder::insert_statement::ValuesClause<(DefaultableColumnInsertValue<ColumnInsertValue<columns::name, diesel::expression::bound::Bound<diesel::sql_types::Text, &std::string::String>>>,), users::table>, diesel::query_builder::insert_statement::private::Insert, diesel::query_builder::returning_clause::ReturningClause<columns::name>>` to implement `QueryFragment<Sqlite>`
     = note: required for `InsertStatement<users::table, diesel::query_builder::insert_statement::ValuesClause<(DefaultableColumnInsertValue<ColumnInsertValue<columns::name, diesel::expression::bound::Bound<diesel::sql_types::Text, &std::string::String>>>,), users::table>, diesel::query_builder::insert_statement::private::Insert, diesel::query_builder::returning_clause::ReturningClause<columns::name>>` to implement `LoadQuery<'_, SqliteConnection, std::string::String>`
note: required by a bound in `get_result`
    --> $DIESEL/src/query_dsl/mod.rs
     |
     |         Self: LoadQuery<'query, Conn, U>,
     |               ^^^^^^^^^^^^^^^^^^^^^^^^^^ required by this bound in `get_result`
