error[E0271]: type mismatch resolving `<diesel::SqliteConnection as diesel::Connection>::Backend == Pg`
  --> tests/fail/insert_from_select_with_on_conflict_without_where_clause_not_supported_on_sqlite.rs:19:18
   |
19 |         .execute(&mut connection)
   |          ------- ^^^^^^^^^^^^^^^ expected struct `Pg`, found struct `Sqlite`
   |          |
   |          required by a bound introduced by this call
   |
   = note: required for `InsertStatement<table, OnConflictValues<InsertFromSelect<OnConflictSelectWrapper<...>, ...>, ..., ..., ...>>` to implement `ExecuteDsl<diesel::SqliteConnection, Pg>`
note: required by a bound in `diesel::RunQueryDsl::execute`
  --> $DIESEL/src/query_dsl/mod.rs
   |
   |         Self: methods::ExecuteDsl<Conn>,
   |               ^^^^^^^^^^^^^^^^^^^^^^^^^ required by this bound in `RunQueryDsl::execute`
