warning: use of deprecated function `diesel::dsl::any`: Use `ExpressionMethods::eq_any` instead
  --> tests/fail/pg_specific_expressions_cant_be_used_in_a_sqlite_query.rs:26:37
   |
26 |     users.select(id).filter(name.eq(any(Vec::<String>::new())))
   |                                     ^^^
   |
   = note: `#[warn(deprecated)]` on by default

error[E0277]: the trait bound `diesel::pg::expression::array_comparison::Any<diesel::internal::derives::as_expression::Bound<Array<diesel::sql_types::Text>, Vec<std::string::String>>>: QueryFragment<Sqlite>` is not satisfied
  --> tests/fail/pg_specific_expressions_cant_be_used_in_a_sqlite_query.rs:27:10
   |
27 |         .load::<i32>(&mut connection);
   |          ^^^^ the trait `QueryFragment<Sqlite>` is not implemented for `diesel::pg::expression::array_comparison::Any<diesel::internal::derives::as_expression::Bound<Array<diesel::sql_types::Text>, Vec<std::string::String>>>`
   |
   = help: the following implementations were found:
             <diesel::pg::expression::array_comparison::Any<Expr> as QueryFragment<Pg>>
   = note: required because of the requirements on the impl of `QueryFragment<Sqlite>` for `diesel::expression::operators::Eq<columns::name, diesel::pg::expression::array_comparison::Any<diesel::internal::derives::as_expression::Bound<Array<diesel::sql_types::Text>, Vec<std::string::String>>>>`
   = note: 4 redundant requirements hidden
   = note: required because of the requirements on the impl of `QueryFragment<Sqlite>` for `SelectStatement<FromClause<users::table>, diesel::query_builder::select_clause::SelectClause<columns::id>, diesel::query_builder::distinct_clause::NoDistinctClause, diesel::query_builder::where_clause::WhereClause<diesel::expression::grouped::Grouped<diesel::expression::operators::Eq<columns::name, diesel::pg::expression::array_comparison::Any<diesel::internal::derives::as_expression::Bound<Array<diesel::sql_types::Text>, Vec<std::string::String>>>>>>>`
   = note: required because of the requirements on the impl of `LoadQuery<'_, diesel::SqliteConnection, i32>` for `SelectStatement<FromClause<users::table>, diesel::query_builder::select_clause::SelectClause<columns::id>, diesel::query_builder::distinct_clause::NoDistinctClause, diesel::query_builder::where_clause::WhereClause<diesel::expression::grouped::Grouped<diesel::expression::operators::Eq<columns::name, diesel::pg::expression::array_comparison::Any<diesel::internal::derives::as_expression::Bound<Array<diesel::sql_types::Text>, Vec<std::string::String>>>>>>>`

error[E0277]: the trait bound `diesel::pg::expression::operators::IsNotDistinctFrom<columns::name, diesel::internal::derives::as_expression::Bound<diesel::sql_types::Text, &str>>: QueryFragment<Sqlite>` is not satisfied
  --> tests/fail/pg_specific_expressions_cant_be_used_in_a_sqlite_query.rs:29:10
   |
29 |         .load::<i32>(&mut connection);
   |          ^^^^ the trait `QueryFragment<Sqlite>` is not implemented for `diesel::pg::expression::operators::IsNotDistinctFrom<columns::name, diesel::internal::derives::as_expression::Bound<diesel::sql_types::Text, &str>>`
   |
   = help: the following implementations were found:
             <diesel::pg::expression::operators::IsNotDistinctFrom<T, U> as QueryFragment<Pg>>
   = note: required because of the requirements on the impl of `QueryFragment<Sqlite>` for `diesel::expression::grouped::Grouped<diesel::pg::expression::operators::IsNotDistinctFrom<columns::name, diesel::internal::derives::as_expression::Bound<diesel::sql_types::Text, &str>>>`
   = note: 3 redundant requirements hidden
   = note: required because of the requirements on the impl of `QueryFragment<Sqlite>` for `SelectStatement<FromClause<users::table>, diesel::query_builder::select_clause::SelectClause<columns::id>, diesel::query_builder::distinct_clause::NoDistinctClause, diesel::query_builder::where_clause::WhereClause<diesel::expression::grouped::Grouped<diesel::pg::expression::operators::IsNotDistinctFrom<columns::name, diesel::internal::derives::as_expression::Bound<diesel::sql_types::Text, &str>>>>>`
   = note: required because of the requirements on the impl of `LoadQuery<'_, diesel::SqliteConnection, i32>` for `SelectStatement<FromClause<users::table>, diesel::query_builder::select_clause::SelectClause<columns::id>, diesel::query_builder::distinct_clause::NoDistinctClause, diesel::query_builder::where_clause::WhereClause<diesel::expression::grouped::Grouped<diesel::pg::expression::operators::IsNotDistinctFrom<columns::name, diesel::internal::derives::as_expression::Bound<diesel::sql_types::Text, &str>>>>>`

error[E0277]: the trait bound `diesel::pg::expression::date_and_time::AtTimeZone<diesel::dsl::now, diesel::internal::derives::as_expression::Bound<diesel::sql_types::Text, &str>>: QueryFragment<Sqlite>` is not satisfied
  --> tests/fail/pg_specific_expressions_cant_be_used_in_a_sqlite_query.rs:31:10
   |
31 |         .load::<i32>(&mut connection);
   |          ^^^^ the trait `QueryFragment<Sqlite>` is not implemented for `diesel::pg::expression::date_and_time::AtTimeZone<diesel::dsl::now, diesel::internal::derives::as_expression::Bound<diesel::sql_types::Text, &str>>`
   |
   = help: the following implementations were found:
             <diesel::pg::expression::date_and_time::AtTimeZone<Ts, Tz> as QueryFragment<Pg>>
   = note: required because of the requirements on the impl of `QueryFragment<Sqlite>` for `diesel::expression::grouped::Grouped<diesel::pg::expression::date_and_time::AtTimeZone<diesel::dsl::now, diesel::internal::derives::as_expression::Bound<diesel::sql_types::Text, &str>>>`
   = note: 5 redundant requirements hidden
   = note: required because of the requirements on the impl of `QueryFragment<Sqlite>` for `SelectStatement<FromClause<users::table>, diesel::query_builder::select_clause::SelectClause<columns::id>, diesel::query_builder::distinct_clause::NoDistinctClause, diesel::query_builder::where_clause::WhereClause<diesel::expression::grouped::Grouped<diesel::expression::operators::Eq<diesel::dsl::now, diesel::expression::grouped::Grouped<diesel::pg::expression::date_and_time::AtTimeZone<diesel::dsl::now, diesel::internal::derives::as_expression::Bound<diesel::sql_types::Text, &str>>>>>>>`
   = note: required because of the requirements on the impl of `LoadQuery<'_, diesel::SqliteConnection, i32>` for `SelectStatement<FromClause<users::table>, diesel::query_builder::select_clause::SelectClause<columns::id>, diesel::query_builder::distinct_clause::NoDistinctClause, diesel::query_builder::where_clause::WhereClause<diesel::expression::grouped::Grouped<diesel::expression::operators::Eq<diesel::dsl::now, diesel::expression::grouped::Grouped<diesel::pg::expression::date_and_time::AtTimeZone<diesel::dsl::now, diesel::internal::derives::as_expression::Bound<diesel::sql_types::Text, &str>>>>>>>`

error[E0599]: the method `execute` exists for struct `IncompleteOnConflict<InsertStatement<users::table, diesel::query_builder::insert_statement::ValuesClause<(DefaultableColumnInsertValue<ColumnInsertValue<columns::name, diesel::internal::derives::as_expression::Bound<diesel::sql_types::Text, &&str>>>,), users::table>>, diesel::query_builder::upsert::on_conflict_target::ConflictTarget<OnConstraint<'_>>>`, but its trait bounds were not satisfied
   --> tests/fail/pg_specific_expressions_cant_be_used_in_a_sqlite_query.rs:34:10
    |
34  |         .execute(&mut connection);
    |          ^^^^^^^ method cannot be called on `IncompleteOnConflict<InsertStatement<users::table, diesel::query_builder::insert_statement::ValuesClause<(DefaultableColumnInsertValue<ColumnInsertValue<columns::name, diesel::internal::derives::as_expression::Bound<diesel::sql_types::Text, &&str>>>,), users::table>>, diesel::query_builder::upsert::on_conflict_target::ConflictTarget<OnConstraint<'_>>>` due to unsatisfied trait bounds
    |
   ::: $DIESEL/src/upsert/on_conflict_extension.rs
    |
    | pub struct IncompleteOnConflict<Stmt, Target> {
    | ---------------------------------------------
    | |
    | doesn't satisfy `_: Table`
    | doesn't satisfy `_: diesel::RunQueryDsl<_>`
    |
    = note: the following trait bounds were not satisfied:
            `IncompleteOnConflict<InsertStatement<users::table, diesel::query_builder::insert_statement::ValuesClause<(DefaultableColumnInsertValue<ColumnInsertValue<columns::name, diesel::internal::derives::as_expression::Bound<diesel::sql_types::Text, &&str>>>,), users::table>>, diesel::query_builder::upsert::on_conflict_target::ConflictTarget<OnConstraint<'_>>>: Table`
            which is required by `IncompleteOnConflict<InsertStatement<users::table, diesel::query_builder::insert_statement::ValuesClause<(DefaultableColumnInsertValue<ColumnInsertValue<columns::name, diesel::internal::derives::as_expression::Bound<diesel::sql_types::Text, &&str>>>,), users::table>>, diesel::query_builder::upsert::on_conflict_target::ConflictTarget<OnConstraint<'_>>>: diesel::RunQueryDsl<_>`
            `&IncompleteOnConflict<InsertStatement<users::table, diesel::query_builder::insert_statement::ValuesClause<(DefaultableColumnInsertValue<ColumnInsertValue<columns::name, diesel::internal::derives::as_expression::Bound<diesel::sql_types::Text, &&str>>>,), users::table>>, diesel::query_builder::upsert::on_conflict_target::ConflictTarget<OnConstraint<'_>>>: Table`
            which is required by `&IncompleteOnConflict<InsertStatement<users::table, diesel::query_builder::insert_statement::ValuesClause<(DefaultableColumnInsertValue<ColumnInsertValue<columns::name, diesel::internal::derives::as_expression::Bound<diesel::sql_types::Text, &&str>>>,), users::table>>, diesel::query_builder::upsert::on_conflict_target::ConflictTarget<OnConstraint<'_>>>: diesel::RunQueryDsl<_>`
            `&mut IncompleteOnConflict<InsertStatement<users::table, diesel::query_builder::insert_statement::ValuesClause<(DefaultableColumnInsertValue<ColumnInsertValue<columns::name, diesel::internal::derives::as_expression::Bound<diesel::sql_types::Text, &&str>>>,), users::table>>, diesel::query_builder::upsert::on_conflict_target::ConflictTarget<OnConstraint<'_>>>: Table`
            which is required by `&mut IncompleteOnConflict<InsertStatement<users::table, diesel::query_builder::insert_statement::ValuesClause<(DefaultableColumnInsertValue<ColumnInsertValue<columns::name, diesel::internal::derives::as_expression::Bound<diesel::sql_types::Text, &&str>>>,), users::table>>, diesel::query_builder::upsert::on_conflict_target::ConflictTarget<OnConstraint<'_>>>: diesel::RunQueryDsl<_>`
