error[E0277]: the trait bound `diesel::query_builder::locking_clause::ForUpdate: QueryFragment<Sqlite>` is not satisfied
    --> tests/fail/select_for_update_cannot_be_used_on_sqlite.rs:16:15
     |
16   |         .load(&mut conn)
     |          ---- ^^^^^^^^^ the trait `QueryFragment<Sqlite>` is not implemented for `diesel::query_builder::locking_clause::ForUpdate`
     |          |
     |          required by a bound introduced by this call
     |
     = help: the following other types implement trait `QueryFragment<DB, SP>`:
               <diesel::query_builder::locking_clause::ForUpdate as QueryFragment<Mysql>>
               <diesel::query_builder::locking_clause::ForUpdate as QueryFragment<Pg>>
     = note: required for `diesel::query_builder::locking_clause::LockingClause` to implement `QueryFragment<Sqlite>`
     = note: 2 redundant requirements hidden
     = note: required for `SelectStatement<FromClause<users::table>, diesel::query_builder::select_clause::DefaultSelectClause<FromClause<users::table>>, diesel::query_builder::distinct_clause::NoDistinctClause, diesel::query_builder::where_clause::NoWhereClause, diesel::query_builder::order_clause::NoOrderClause, diesel::query_builder::limit_offset_clause::LimitOffsetClause<diesel::query_builder::limit_clause::NoLimitClause, diesel::query_builder::offset_clause::NoOffsetClause>, diesel::query_builder::group_by_clause::NoGroupByClause, diesel::query_builder::having_clause::NoHavingClause, diesel::query_builder::locking_clause::LockingClause>` to implement `QueryFragment<Sqlite>`
     = note: required for `SelectStatement<FromClause<users::table>, diesel::query_builder::select_clause::DefaultSelectClause<FromClause<users::table>>, diesel::query_builder::distinct_clause::NoDistinctClause, diesel::query_builder::where_clause::NoWhereClause, diesel::query_builder::order_clause::NoOrderClause, diesel::query_builder::limit_offset_clause::LimitOffsetClause<diesel::query_builder::limit_clause::NoLimitClause, diesel::query_builder::offset_clause::NoOffsetClause>, diesel::query_builder::group_by_clause::NoGroupByClause, diesel::query_builder::having_clause::NoHavingClause, diesel::query_builder::locking_clause::LockingClause>` to implement `LoadQuery<'_, SqliteConnection, _>`
note: required by a bound in `diesel::RunQueryDsl::load`
    --> $DIESEL/src/query_dsl/mod.rs
     |
     |         Self: LoadQuery<'query, Conn, U>,
     |               ^^^^^^^^^^^^^^^^^^^^^^^^^^ required by this bound in `diesel::RunQueryDsl::load`

error[E0277]: the trait bound `diesel::query_builder::locking_clause::NoModifier: QueryFragment<Sqlite>` is not satisfied
    --> tests/fail/select_for_update_cannot_be_used_on_sqlite.rs:16:15
     |
16   |         .load(&mut conn)
     |          ---- ^^^^^^^^^ the trait `QueryFragment<Sqlite>` is not implemented for `diesel::query_builder::locking_clause::NoModifier`
     |          |
     |          required by a bound introduced by this call
     |
     = help: the following other types implement trait `QueryFragment<DB, SP>`:
               <diesel::query_builder::locking_clause::NoModifier as QueryFragment<Mysql>>
               <diesel::query_builder::locking_clause::NoModifier as QueryFragment<Pg>>
     = note: required for `diesel::query_builder::locking_clause::LockingClause` to implement `QueryFragment<Sqlite>`
     = note: 2 redundant requirements hidden
     = note: required for `SelectStatement<FromClause<users::table>, diesel::query_builder::select_clause::DefaultSelectClause<FromClause<users::table>>, diesel::query_builder::distinct_clause::NoDistinctClause, diesel::query_builder::where_clause::NoWhereClause, diesel::query_builder::order_clause::NoOrderClause, diesel::query_builder::limit_offset_clause::LimitOffsetClause<diesel::query_builder::limit_clause::NoLimitClause, diesel::query_builder::offset_clause::NoOffsetClause>, diesel::query_builder::group_by_clause::NoGroupByClause, diesel::query_builder::having_clause::NoHavingClause, diesel::query_builder::locking_clause::LockingClause>` to implement `QueryFragment<Sqlite>`
     = note: required for `SelectStatement<FromClause<users::table>, diesel::query_builder::select_clause::DefaultSelectClause<FromClause<users::table>>, diesel::query_builder::distinct_clause::NoDistinctClause, diesel::query_builder::where_clause::NoWhereClause, diesel::query_builder::order_clause::NoOrderClause, diesel::query_builder::limit_offset_clause::LimitOffsetClause<diesel::query_builder::limit_clause::NoLimitClause, diesel::query_builder::offset_clause::NoOffsetClause>, diesel::query_builder::group_by_clause::NoGroupByClause, diesel::query_builder::having_clause::NoHavingClause, diesel::query_builder::locking_clause::LockingClause>` to implement `LoadQuery<'_, SqliteConnection, _>`
note: required by a bound in `diesel::RunQueryDsl::load`
    --> $DIESEL/src/query_dsl/mod.rs
     |
     |         Self: LoadQuery<'query, Conn, U>,
     |               ^^^^^^^^^^^^^^^^^^^^^^^^^^ required by this bound in `diesel::RunQueryDsl::load`
