error[E0271]: type mismatch resolving `<SelectStatement<FromClause<users::table>, diesel::query_builder::select_clause::DefaultSelectClause<FromClause<users::table>>, diesel::query_builder::distinct_clause::NoDistinctClause, diesel::query_builder::where_clause::NoWhereClause, diesel::query_builder::order_clause::NoOrderClause, diesel::query_builder::limit_offset_clause::LimitOffsetClause<diesel::query_builder::limit_clause::NoLimitClause, diesel::query_builder::offset_clause::NoOffsetClause>, diesel::query_builder::group_by_clause::NoGroupByClause, diesel::query_builder::having_clause::NoHavingClause, diesel::query_builder::locking_clause::LockingClause> as AsQuery>::Query == SelectStatement<FromClause<SelectStatement<FromClause<users::table>, diesel::query_builder::select_clause::DefaultSelectClause<FromClause<users::table>>, diesel::query_builder::distinct_clause::NoDistinctClause, diesel::query_builder::where_clause::NoWhereClause, diesel::query_builder::order_clause::NoOrderClause, diesel::query_builder::limit_offset_clause::LimitOffsetClause<diesel::query_builder::limit_clause::NoLimitClause, diesel::query_builder::offset_clause::NoOffsetClause>, diesel::query_builder::group_by_clause::NoGroupByClause, diesel::query_builder::having_clause::NoHavingClause, diesel::query_builder::locking_clause::LockingClause>>>`
  --> tests/fail/select_for_update_cannot_be_mixed_with_some_clauses.rs:14:24
   |
14 |     users.for_update().distinct();
   |                        ^^^^^^^^ expected struct `users::table`, found struct `SelectStatement`
   |
   = note: expected struct `SelectStatement<FromClause<users::table>, diesel::query_builder::select_clause::DefaultSelectClause<FromClause<users::table>>, _>`
              found struct `SelectStatement<FromClause<SelectStatement<FromClause<users::table>, diesel::query_builder::select_clause::DefaultSelectClause<FromClause<users::table>>, diesel::query_builder::distinct_clause::NoDistinctClause, diesel::query_builder::where_clause::NoWhereClause, diesel::query_builder::order_clause::NoOrderClause, diesel::query_builder::limit_offset_clause::LimitOffsetClause<diesel::query_builder::limit_clause::NoLimitClause, diesel::query_builder::offset_clause::NoOffsetClause>, diesel::query_builder::group_by_clause::NoGroupByClause, diesel::query_builder::having_clause::NoHavingClause, diesel::query_builder::locking_clause::LockingClause>>, diesel::query_builder::select_clause::DefaultSelectClause<FromClause<SelectStatement<FromClause<users::table>, diesel::query_builder::select_clause::DefaultSelectClause<FromClause<users::table>>, diesel::query_builder::distinct_clause::NoDistinctClause, diesel::query_builder::where_clause::NoWhereClause, diesel::query_builder::order_clause::NoOrderClause, diesel::query_builder::limit_offset_clause::LimitOffsetClause<diesel::query_builder::limit_clause::NoLimitClause, diesel::query_builder::offset_clause::NoOffsetClause>, diesel::query_builder::group_by_clause::NoGroupByClause, diesel::query_builder::having_clause::NoHavingClause, diesel::query_builder::locking_clause::LockingClause>>>, _>`
   = note: required for `SelectStatement<FromClause<users::table>, diesel::query_builder::select_clause::DefaultSelectClause<FromClause<users::table>>, diesel::query_builder::distinct_clause::NoDistinctClause, diesel::query_builder::where_clause::NoWhereClause, diesel::query_builder::order_clause::NoOrderClause, diesel::query_builder::limit_offset_clause::LimitOffsetClause<diesel::query_builder::limit_clause::NoLimitClause, diesel::query_builder::offset_clause::NoOffsetClause>, diesel::query_builder::group_by_clause::NoGroupByClause, diesel::query_builder::having_clause::NoHavingClause, diesel::query_builder::locking_clause::LockingClause>` to implement `DistinctDsl`

error[E0277]: the trait bound `SelectStatement<FromClause<users::table>, diesel::query_builder::select_clause::DefaultSelectClause<FromClause<users::table>>, diesel::query_builder::distinct_clause::NoDistinctClause, diesel::query_builder::where_clause::NoWhereClause, diesel::query_builder::order_clause::NoOrderClause, diesel::query_builder::limit_offset_clause::LimitOffsetClause<diesel::query_builder::limit_clause::NoLimitClause, diesel::query_builder::offset_clause::NoOffsetClause>, diesel::query_builder::group_by_clause::NoGroupByClause, diesel::query_builder::having_clause::NoHavingClause, diesel::query_builder::locking_clause::LockingClause>: Table` is not satisfied
  --> tests/fail/select_for_update_cannot_be_mixed_with_some_clauses.rs:14:24
   |
14 |     users.for_update().distinct();
   |                        ^^^^^^^^ the trait `Table` is not implemented for `SelectStatement<FromClause<users::table>, diesel::query_builder::select_clause::DefaultSelectClause<FromClause<users::table>>, diesel::query_builder::distinct_clause::NoDistinctClause, diesel::query_builder::where_clause::NoWhereClause, diesel::query_builder::order_clause::NoOrderClause, diesel::query_builder::limit_offset_clause::LimitOffsetClause<diesel::query_builder::limit_clause::NoLimitClause, diesel::query_builder::offset_clause::NoOffsetClause>, diesel::query_builder::group_by_clause::NoGroupByClause, diesel::query_builder::having_clause::NoHavingClause, diesel::query_builder::locking_clause::LockingClause>`
   |
   = help: the following other types implement trait `Table`:
             Only<S>
             pg::metadata_lookup::pg_namespace::table
             pg::metadata_lookup::pg_type::table
             users::table
   = note: required for `SelectStatement<FromClause<users::table>, diesel::query_builder::select_clause::DefaultSelectClause<FromClause<users::table>>, diesel::query_builder::distinct_clause::NoDistinctClause, diesel::query_builder::where_clause::NoWhereClause, diesel::query_builder::order_clause::NoOrderClause, diesel::query_builder::limit_offset_clause::LimitOffsetClause<diesel::query_builder::limit_clause::NoLimitClause, diesel::query_builder::offset_clause::NoOffsetClause>, diesel::query_builder::group_by_clause::NoGroupByClause, diesel::query_builder::having_clause::NoHavingClause, diesel::query_builder::locking_clause::LockingClause>` to implement `DistinctDsl`

error[E0277]: the trait bound `SelectStatement<FromClause<SelectStatement<FromClause<users::table>, diesel::query_builder::select_clause::DefaultSelectClause<FromClause<users::table>>, diesel::query_builder::distinct_clause::NoDistinctClause, diesel::query_builder::where_clause::NoWhereClause, diesel::query_builder::order_clause::NoOrderClause, diesel::query_builder::limit_offset_clause::LimitOffsetClause<diesel::query_builder::limit_clause::NoLimitClause, diesel::query_builder::offset_clause::NoOffsetClause>, diesel::query_builder::group_by_clause::NoGroupByClause, diesel::query_builder::having_clause::NoHavingClause, diesel::query_builder::locking_clause::LockingClause>>>: DistinctDsl` is not satisfied
  --> tests/fail/select_for_update_cannot_be_mixed_with_some_clauses.rs:14:24
   |
14 |     users.for_update().distinct();
   |                        ^^^^^^^^ the trait `DistinctDsl` is not implemented for `SelectStatement<FromClause<SelectStatement<FromClause<users::table>, diesel::query_builder::select_clause::DefaultSelectClause<FromClause<users::table>>, diesel::query_builder::distinct_clause::NoDistinctClause, diesel::query_builder::where_clause::NoWhereClause, diesel::query_builder::order_clause::NoOrderClause, diesel::query_builder::limit_offset_clause::LimitOffsetClause<diesel::query_builder::limit_clause::NoLimitClause, diesel::query_builder::offset_clause::NoOffsetClause>, diesel::query_builder::group_by_clause::NoGroupByClause, diesel::query_builder::having_clause::NoHavingClause, diesel::query_builder::locking_clause::LockingClause>>>`
   |
   = help: the trait `DistinctDsl` is implemented for `SelectStatement<F, S, D, W, O, LOf, G, H>`

error[E0271]: type mismatch resolving `<SelectStatement<FromClause<users::table>, diesel::query_builder::select_clause::DefaultSelectClause<FromClause<users::table>>, diesel::query_builder::distinct_clause::DistinctClause> as AsQuery>::Query == SelectStatement<FromClause<SelectStatement<FromClause<users::table>, diesel::query_builder::select_clause::DefaultSelectClause<FromClause<users::table>>, diesel::query_builder::distinct_clause::DistinctClause>>>`
  --> tests/fail/select_for_update_cannot_be_mixed_with_some_clauses.rs:15:22
   |
15 |     users.distinct().for_update();
   |                      ^^^^^^^^^^ expected struct `users::table`, found struct `SelectStatement`
   |
   = note: expected struct `SelectStatement<FromClause<users::table>, diesel::query_builder::select_clause::DefaultSelectClause<FromClause<users::table>>, diesel::query_builder::distinct_clause::DistinctClause>`
              found struct `SelectStatement<FromClause<SelectStatement<FromClause<users::table>, diesel::query_builder::select_clause::DefaultSelectClause<FromClause<users::table>>, diesel::query_builder::distinct_clause::DistinctClause>>, diesel::query_builder::select_clause::DefaultSelectClause<FromClause<SelectStatement<FromClause<users::table>, diesel::query_builder::select_clause::DefaultSelectClause<FromClause<users::table>>, diesel::query_builder::distinct_clause::DistinctClause>>>, diesel::query_builder::distinct_clause::NoDistinctClause>`
   = note: required for `SelectStatement<FromClause<users::table>, diesel::query_builder::select_clause::DefaultSelectClause<FromClause<users::table>>, diesel::query_builder::distinct_clause::DistinctClause>` to implement `LockingDsl<diesel::query_builder::locking_clause::ForUpdate>`

error[E0277]: the trait bound `SelectStatement<FromClause<users::table>, diesel::query_builder::select_clause::DefaultSelectClause<FromClause<users::table>>, diesel::query_builder::distinct_clause::DistinctClause>: Table` is not satisfied
  --> tests/fail/select_for_update_cannot_be_mixed_with_some_clauses.rs:15:22
   |
15 |     users.distinct().for_update();
   |                      ^^^^^^^^^^ the trait `Table` is not implemented for `SelectStatement<FromClause<users::table>, diesel::query_builder::select_clause::DefaultSelectClause<FromClause<users::table>>, diesel::query_builder::distinct_clause::DistinctClause>`
   |
   = help: the following other types implement trait `Table`:
             Only<S>
             pg::metadata_lookup::pg_namespace::table
             pg::metadata_lookup::pg_type::table
             users::table
   = note: required for `SelectStatement<FromClause<users::table>, diesel::query_builder::select_clause::DefaultSelectClause<FromClause<users::table>>, diesel::query_builder::distinct_clause::DistinctClause>` to implement `LockingDsl<diesel::query_builder::locking_clause::ForUpdate>`

error[E0277]: the trait bound `SelectStatement<FromClause<SelectStatement<FromClause<users::table>, diesel::query_builder::select_clause::DefaultSelectClause<FromClause<users::table>>, diesel::query_builder::distinct_clause::DistinctClause>>>: LockingDsl<diesel::query_builder::locking_clause::ForUpdate>` is not satisfied
  --> tests/fail/select_for_update_cannot_be_mixed_with_some_clauses.rs:15:22
   |
15 |     users.distinct().for_update();
   |                      ^^^^^^^^^^ the trait `LockingDsl<diesel::query_builder::locking_clause::ForUpdate>` is not implemented for `SelectStatement<FromClause<SelectStatement<FromClause<users::table>, diesel::query_builder::select_clause::DefaultSelectClause<FromClause<users::table>>, diesel::query_builder::distinct_clause::DistinctClause>>>`
   |
   = help: the trait `LockingDsl<Lock>` is implemented for `SelectStatement<F, S, diesel::query_builder::distinct_clause::NoDistinctClause, W, O, LOf>`

error[E0271]: type mismatch resolving `<SelectStatement<FromClause<users::table>, diesel::query_builder::select_clause::DefaultSelectClause<FromClause<users::table>>, diesel::query_builder::distinct_clause::NoDistinctClause, diesel::query_builder::where_clause::NoWhereClause, diesel::query_builder::order_clause::NoOrderClause, diesel::query_builder::limit_offset_clause::LimitOffsetClause<diesel::query_builder::limit_clause::NoLimitClause, diesel::query_builder::offset_clause::NoOffsetClause>, diesel::query_builder::group_by_clause::NoGroupByClause, diesel::query_builder::having_clause::NoHavingClause, diesel::query_builder::locking_clause::LockingClause> as AsQuery>::Query == SelectStatement<FromClause<SelectStatement<FromClause<users::table>, diesel::query_builder::select_clause::DefaultSelectClause<FromClause<users::table>>, diesel::query_builder::distinct_clause::NoDistinctClause, diesel::query_builder::where_clause::NoWhereClause, diesel::query_builder::order_clause::NoOrderClause, diesel::query_builder::limit_offset_clause::LimitOffsetClause<diesel::query_builder::limit_clause::NoLimitClause, diesel::query_builder::offset_clause::NoOffsetClause>, diesel::query_builder::group_by_clause::NoGroupByClause, diesel::query_builder::having_clause::NoHavingClause, diesel::query_builder::locking_clause::LockingClause>>>`
  --> tests/fail/select_for_update_cannot_be_mixed_with_some_clauses.rs:16:24
   |
16 |     users.for_update().distinct_on(id);
   |                        ^^^^^^^^^^^ expected struct `users::table`, found struct `SelectStatement`
   |
   = note: expected struct `SelectStatement<FromClause<users::table>, diesel::query_builder::select_clause::DefaultSelectClause<FromClause<users::table>>, _>`
              found struct `SelectStatement<FromClause<SelectStatement<FromClause<users::table>, diesel::query_builder::select_clause::DefaultSelectClause<FromClause<users::table>>, diesel::query_builder::distinct_clause::NoDistinctClause, diesel::query_builder::where_clause::NoWhereClause, diesel::query_builder::order_clause::NoOrderClause, diesel::query_builder::limit_offset_clause::LimitOffsetClause<diesel::query_builder::limit_clause::NoLimitClause, diesel::query_builder::offset_clause::NoOffsetClause>, diesel::query_builder::group_by_clause::NoGroupByClause, diesel::query_builder::having_clause::NoHavingClause, diesel::query_builder::locking_clause::LockingClause>>, diesel::query_builder::select_clause::DefaultSelectClause<FromClause<SelectStatement<FromClause<users::table>, diesel::query_builder::select_clause::DefaultSelectClause<FromClause<users::table>>, diesel::query_builder::distinct_clause::NoDistinctClause, diesel::query_builder::where_clause::NoWhereClause, diesel::query_builder::order_clause::NoOrderClause, diesel::query_builder::limit_offset_clause::LimitOffsetClause<diesel::query_builder::limit_clause::NoLimitClause, diesel::query_builder::offset_clause::NoOffsetClause>, diesel::query_builder::group_by_clause::NoGroupByClause, diesel::query_builder::having_clause::NoHavingClause, diesel::query_builder::locking_clause::LockingClause>>>, _>`
   = note: required for `SelectStatement<FromClause<users::table>, diesel::query_builder::select_clause::DefaultSelectClause<FromClause<users::table>>, diesel::query_builder::distinct_clause::NoDistinctClause, diesel::query_builder::where_clause::NoWhereClause, diesel::query_builder::order_clause::NoOrderClause, diesel::query_builder::limit_offset_clause::LimitOffsetClause<diesel::query_builder::limit_clause::NoLimitClause, diesel::query_builder::offset_clause::NoOffsetClause>, diesel::query_builder::group_by_clause::NoGroupByClause, diesel::query_builder::having_clause::NoHavingClause, diesel::query_builder::locking_clause::LockingClause>` to implement `DistinctOnDsl<_>`

error[E0277]: the trait bound `SelectStatement<FromClause<users::table>, diesel::query_builder::select_clause::DefaultSelectClause<FromClause<users::table>>, diesel::query_builder::distinct_clause::NoDistinctClause, diesel::query_builder::where_clause::NoWhereClause, diesel::query_builder::order_clause::NoOrderClause, diesel::query_builder::limit_offset_clause::LimitOffsetClause<diesel::query_builder::limit_clause::NoLimitClause, diesel::query_builder::offset_clause::NoOffsetClause>, diesel::query_builder::group_by_clause::NoGroupByClause, diesel::query_builder::having_clause::NoHavingClause, diesel::query_builder::locking_clause::LockingClause>: Table` is not satisfied
  --> tests/fail/select_for_update_cannot_be_mixed_with_some_clauses.rs:16:24
   |
16 |     users.for_update().distinct_on(id);
   |                        ^^^^^^^^^^^ the trait `Table` is not implemented for `SelectStatement<FromClause<users::table>, diesel::query_builder::select_clause::DefaultSelectClause<FromClause<users::table>>, diesel::query_builder::distinct_clause::NoDistinctClause, diesel::query_builder::where_clause::NoWhereClause, diesel::query_builder::order_clause::NoOrderClause, diesel::query_builder::limit_offset_clause::LimitOffsetClause<diesel::query_builder::limit_clause::NoLimitClause, diesel::query_builder::offset_clause::NoOffsetClause>, diesel::query_builder::group_by_clause::NoGroupByClause, diesel::query_builder::having_clause::NoHavingClause, diesel::query_builder::locking_clause::LockingClause>`
   |
   = help: the following other types implement trait `Table`:
             Only<S>
             pg::metadata_lookup::pg_namespace::table
             pg::metadata_lookup::pg_type::table
             users::table
   = note: required for `SelectStatement<FromClause<users::table>, diesel::query_builder::select_clause::DefaultSelectClause<FromClause<users::table>>, diesel::query_builder::distinct_clause::NoDistinctClause, diesel::query_builder::where_clause::NoWhereClause, diesel::query_builder::order_clause::NoOrderClause, diesel::query_builder::limit_offset_clause::LimitOffsetClause<diesel::query_builder::limit_clause::NoLimitClause, diesel::query_builder::offset_clause::NoOffsetClause>, diesel::query_builder::group_by_clause::NoGroupByClause, diesel::query_builder::having_clause::NoHavingClause, diesel::query_builder::locking_clause::LockingClause>` to implement `DistinctOnDsl<_>`

error[E0277]: the trait bound `SelectStatement<FromClause<SelectStatement<FromClause<users::table>, diesel::query_builder::select_clause::DefaultSelectClause<FromClause<users::table>>, diesel::query_builder::distinct_clause::NoDistinctClause, diesel::query_builder::where_clause::NoWhereClause, diesel::query_builder::order_clause::NoOrderClause, diesel::query_builder::limit_offset_clause::LimitOffsetClause<diesel::query_builder::limit_clause::NoLimitClause, diesel::query_builder::offset_clause::NoOffsetClause>, diesel::query_builder::group_by_clause::NoGroupByClause, diesel::query_builder::having_clause::NoHavingClause, diesel::query_builder::locking_clause::LockingClause>>>: DistinctOnDsl<_>` is not satisfied
  --> tests/fail/select_for_update_cannot_be_mixed_with_some_clauses.rs:16:24
   |
16 |     users.for_update().distinct_on(id);
   |                        ^^^^^^^^^^^ the trait `DistinctOnDsl<_>` is not implemented for `SelectStatement<FromClause<SelectStatement<FromClause<users::table>, diesel::query_builder::select_clause::DefaultSelectClause<FromClause<users::table>>, diesel::query_builder::distinct_clause::NoDistinctClause, diesel::query_builder::where_clause::NoWhereClause, diesel::query_builder::order_clause::NoOrderClause, diesel::query_builder::limit_offset_clause::LimitOffsetClause<diesel::query_builder::limit_clause::NoLimitClause, diesel::query_builder::offset_clause::NoOffsetClause>, diesel::query_builder::group_by_clause::NoGroupByClause, diesel::query_builder::having_clause::NoHavingClause, diesel::query_builder::locking_clause::LockingClause>>>`
   |
   = help: the trait `DistinctOnDsl<Selection>` is implemented for `SelectStatement<FromClause<F>, S, D, W, O, LOf, G, H>`
   = note: required for `SelectStatement<FromClause<users::table>, diesel::query_builder::select_clause::DefaultSelectClause<FromClause<users::table>>, diesel::query_builder::distinct_clause::NoDistinctClause, diesel::query_builder::where_clause::NoWhereClause, diesel::query_builder::order_clause::NoOrderClause, diesel::query_builder::limit_offset_clause::LimitOffsetClause<diesel::query_builder::limit_clause::NoLimitClause, diesel::query_builder::offset_clause::NoOffsetClause>, diesel::query_builder::group_by_clause::NoGroupByClause, diesel::query_builder::having_clause::NoHavingClause, diesel::query_builder::locking_clause::LockingClause>` to implement `DistinctOnDsl<_>`

error[E0277]: the trait bound `SelectStatement<FromClause<SelectStatement<FromClause<users::table>, diesel::query_builder::select_clause::DefaultSelectClause<FromClause<users::table>>, diesel::query_builder::distinct_clause::NoDistinctClause, diesel::query_builder::where_clause::NoWhereClause, diesel::query_builder::order_clause::NoOrderClause, diesel::query_builder::limit_offset_clause::LimitOffsetClause<diesel::query_builder::limit_clause::NoLimitClause, diesel::query_builder::offset_clause::NoOffsetClause>, diesel::query_builder::group_by_clause::NoGroupByClause, diesel::query_builder::having_clause::NoHavingClause, diesel::query_builder::locking_clause::LockingClause>>>: DistinctOnDsl<_>` is not satisfied
   --> tests/fail/select_for_update_cannot_be_mixed_with_some_clauses.rs:16:36
    |
16  |     users.for_update().distinct_on(id);
    |                        ----------- ^^ the trait `DistinctOnDsl<_>` is not implemented for `SelectStatement<FromClause<SelectStatement<FromClause<users::table>, diesel::query_builder::select_clause::DefaultSelectClause<FromClause<users::table>>, diesel::query_builder::distinct_clause::NoDistinctClause, diesel::query_builder::where_clause::NoWhereClause, diesel::query_builder::order_clause::NoOrderClause, diesel::query_builder::limit_offset_clause::LimitOffsetClause<diesel::query_builder::limit_clause::NoLimitClause, diesel::query_builder::offset_clause::NoOffsetClause>, diesel::query_builder::group_by_clause::NoGroupByClause, diesel::query_builder::having_clause::NoHavingClause, diesel::query_builder::locking_clause::LockingClause>>>`
    |                        |
    |                        required by a bound introduced by this call
    |
    = help: the trait `DistinctOnDsl<Selection>` is implemented for `SelectStatement<FromClause<F>, S, D, W, O, LOf, G, H>`
    = note: required for `SelectStatement<FromClause<users::table>, diesel::query_builder::select_clause::DefaultSelectClause<FromClause<users::table>>, diesel::query_builder::distinct_clause::NoDistinctClause, diesel::query_builder::where_clause::NoWhereClause, diesel::query_builder::order_clause::NoOrderClause, diesel::query_builder::limit_offset_clause::LimitOffsetClause<diesel::query_builder::limit_clause::NoLimitClause, diesel::query_builder::offset_clause::NoOffsetClause>, diesel::query_builder::group_by_clause::NoGroupByClause, diesel::query_builder::having_clause::NoHavingClause, diesel::query_builder::locking_clause::LockingClause>` to implement `DistinctOnDsl<_>`
note: required by a bound in `diesel::QueryDsl::distinct_on`
   --> $DIESEL/src/query_dsl/mod.rs
    |
    |         Self: methods::DistinctOnDsl<Expr>,
    |               ^^^^^^^^^^^^^^^^^^^^^^^^^^^^ required by this bound in `diesel::QueryDsl::distinct_on`

error[E0277]: Cannot select `columns::id` from `SelectStatement<FromClause<users::table>, diesel::query_builder::select_clause::DefaultSelectClause<FromClause<users::table>>, diesel::query_builder::distinct_clause::NoDistinctClause, diesel::query_builder::where_clause::NoWhereClause, diesel::query_builder::order_clause::NoOrderClause, diesel::query_builder::limit_offset_clause::LimitOffsetClause<diesel::query_builder::limit_clause::NoLimitClause, diesel::query_builder::offset_clause::NoOffsetClause>, diesel::query_builder::group_by_clause::NoGroupByClause, diesel::query_builder::having_clause::NoHavingClause, diesel::query_builder::locking_clause::LockingClause>`
   --> tests/fail/select_for_update_cannot_be_mixed_with_some_clauses.rs:16:36
    |
16  |     users.for_update().distinct_on(id);
    |                        ----------- ^^ the trait `SelectableExpression<SelectStatement<FromClause<users::table>, diesel::query_builder::select_clause::DefaultSelectClause<FromClause<users::table>>, diesel::query_builder::distinct_clause::NoDistinctClause, diesel::query_builder::where_clause::NoWhereClause, diesel::query_builder::order_clause::NoOrderClause, diesel::query_builder::limit_offset_clause::LimitOffsetClause<diesel::query_builder::limit_clause::NoLimitClause, diesel::query_builder::offset_clause::NoOffsetClause>, diesel::query_builder::group_by_clause::NoGroupByClause, diesel::query_builder::having_clause::NoHavingClause, diesel::query_builder::locking_clause::LockingClause>>` is not implemented for `columns::id`
    |                        |
    |                        required by a bound introduced by this call
    |
    = note: `columns::id` is no valid selection for `SelectStatement<FromClause<users::table>, diesel::query_builder::select_clause::DefaultSelectClause<FromClause<users::table>>, diesel::query_builder::distinct_clause::NoDistinctClause, diesel::query_builder::where_clause::NoWhereClause, diesel::query_builder::order_clause::NoOrderClause, diesel::query_builder::limit_offset_clause::LimitOffsetClause<diesel::query_builder::limit_clause::NoLimitClause, diesel::query_builder::offset_clause::NoOffsetClause>, diesel::query_builder::group_by_clause::NoGroupByClause, diesel::query_builder::having_clause::NoHavingClause, diesel::query_builder::locking_clause::LockingClause>`
    = help: the following other types implement trait `SelectableExpression<QS>`:
              <columns::id as SelectableExpression<JoinOn<Join, On>>>
              <columns::id as SelectableExpression<Only<users::table>>>
              <columns::id as SelectableExpression<SelectStatement<FromClause<From>>>>
              <columns::id as SelectableExpression<query_source::joins::Join<Left, Right, Inner>>>
              <columns::id as SelectableExpression<query_source::joins::Join<Left, Right, LeftOuter>>>
              <columns::id as SelectableExpression<users::table>>
    = note: required for `SelectStatement<FromClause<users::table>, diesel::query_builder::select_clause::DefaultSelectClause<FromClause<users::table>>, diesel::query_builder::distinct_clause::NoDistinctClause, diesel::query_builder::where_clause::NoWhereClause, diesel::query_builder::order_clause::NoOrderClause, diesel::query_builder::limit_offset_clause::LimitOffsetClause<diesel::query_builder::limit_clause::NoLimitClause, diesel::query_builder::offset_clause::NoOffsetClause>, diesel::query_builder::group_by_clause::NoGroupByClause, diesel::query_builder::having_clause::NoHavingClause, diesel::query_builder::locking_clause::LockingClause>` to implement `DistinctOnDsl<columns::id>`
note: required by a bound in `diesel::QueryDsl::distinct_on`
   --> $DIESEL/src/query_dsl/mod.rs
    |
    |         Self: methods::DistinctOnDsl<Expr>,
    |               ^^^^^^^^^^^^^^^^^^^^^^^^^^^^ required by this bound in `diesel::QueryDsl::distinct_on`

error[E0271]: type mismatch resolving `<SelectStatement<FromClause<users::table>, diesel::query_builder::select_clause::DefaultSelectClause<FromClause<users::table>>, DistinctOnClause<columns::id>> as AsQuery>::Query == SelectStatement<FromClause<SelectStatement<FromClause<users::table>, diesel::query_builder::select_clause::DefaultSelectClause<FromClause<users::table>>, DistinctOnClause<columns::id>>>>`
  --> tests/fail/select_for_update_cannot_be_mixed_with_some_clauses.rs:17:27
   |
17 |     users.distinct_on(id).for_update();
   |                           ^^^^^^^^^^ expected struct `users::table`, found struct `SelectStatement`
   |
   = note: expected struct `SelectStatement<FromClause<users::table>, diesel::query_builder::select_clause::DefaultSelectClause<FromClause<users::table>>, DistinctOnClause<columns::id>>`
              found struct `SelectStatement<FromClause<SelectStatement<FromClause<users::table>, diesel::query_builder::select_clause::DefaultSelectClause<FromClause<users::table>>, DistinctOnClause<columns::id>>>, diesel::query_builder::select_clause::DefaultSelectClause<FromClause<SelectStatement<FromClause<users::table>, diesel::query_builder::select_clause::DefaultSelectClause<FromClause<users::table>>, DistinctOnClause<columns::id>>>>, diesel::query_builder::distinct_clause::NoDistinctClause>`
   = note: required for `SelectStatement<FromClause<users::table>, diesel::query_builder::select_clause::DefaultSelectClause<FromClause<users::table>>, DistinctOnClause<columns::id>>` to implement `LockingDsl<diesel::query_builder::locking_clause::ForUpdate>`

error[E0277]: the trait bound `SelectStatement<FromClause<users::table>, diesel::query_builder::select_clause::DefaultSelectClause<FromClause<users::table>>, DistinctOnClause<columns::id>>: Table` is not satisfied
  --> tests/fail/select_for_update_cannot_be_mixed_with_some_clauses.rs:17:27
   |
17 |     users.distinct_on(id).for_update();
   |                           ^^^^^^^^^^ the trait `Table` is not implemented for `SelectStatement<FromClause<users::table>, diesel::query_builder::select_clause::DefaultSelectClause<FromClause<users::table>>, DistinctOnClause<columns::id>>`
   |
   = help: the following other types implement trait `Table`:
             Only<S>
             pg::metadata_lookup::pg_namespace::table
             pg::metadata_lookup::pg_type::table
             users::table
   = note: required for `SelectStatement<FromClause<users::table>, diesel::query_builder::select_clause::DefaultSelectClause<FromClause<users::table>>, DistinctOnClause<columns::id>>` to implement `LockingDsl<diesel::query_builder::locking_clause::ForUpdate>`

error[E0277]: the trait bound `SelectStatement<FromClause<SelectStatement<FromClause<users::table>, diesel::query_builder::select_clause::DefaultSelectClause<FromClause<users::table>>, DistinctOnClause<columns::id>>>>: LockingDsl<diesel::query_builder::locking_clause::ForUpdate>` is not satisfied
  --> tests/fail/select_for_update_cannot_be_mixed_with_some_clauses.rs:17:27
   |
17 |     users.distinct_on(id).for_update();
   |                           ^^^^^^^^^^ the trait `LockingDsl<diesel::query_builder::locking_clause::ForUpdate>` is not implemented for `SelectStatement<FromClause<SelectStatement<FromClause<users::table>, diesel::query_builder::select_clause::DefaultSelectClause<FromClause<users::table>>, DistinctOnClause<columns::id>>>>`
   |
   = help: the trait `LockingDsl<Lock>` is implemented for `SelectStatement<F, S, diesel::query_builder::distinct_clause::NoDistinctClause, W, O, LOf>`

error[E0275]: overflow evaluating the requirement `<SelectStatement<FromClause<users::table>, diesel::query_builder::select_clause::DefaultSelectClause<FromClause<users::table>>, diesel::query_builder::distinct_clause::NoDistinctClause, diesel::query_builder::where_clause::NoWhereClause, diesel::query_builder::order_clause::NoOrderClause, diesel::query_builder::limit_offset_clause::LimitOffsetClause<diesel::query_builder::limit_clause::NoLimitClause, diesel::query_builder::offset_clause::NoOffsetClause>, diesel::query_builder::group_by_clause::NoGroupByClause, diesel::query_builder::having_clause::NoHavingClause, diesel::query_builder::locking_clause::LockingClause> as QuerySource>::DefaultSelection`
  --> tests/fail/select_for_update_cannot_be_mixed_with_some_clauses.rs:19:24
   |
19 |     users.for_update().group_by(id);
   |                        ^^^^^^^^
   |
   = help: consider increasing the recursion limit by adding a `#![recursion_limit = "256"]` attribute to your crate (`$CRATE`)
   = note: required for `SelectStatement<FromClause<users::table>, diesel::query_builder::select_clause::DefaultSelectClause<FromClause<users::table>>, diesel::query_builder::distinct_clause::NoDistinctClause, diesel::query_builder::where_clause::NoWhereClause, diesel::query_builder::order_clause::NoOrderClause, diesel::query_builder::limit_offset_clause::LimitOffsetClause<diesel::query_builder::limit_clause::NoLimitClause, diesel::query_builder::offset_clause::NoOffsetClause>, diesel::query_builder::group_by_clause::NoGroupByClause, diesel::query_builder::having_clause::NoHavingClause, diesel::query_builder::locking_clause::LockingClause>` to implement `GroupByDsl<_>`
   = note: 128 redundant requirements hidden
   = note: required for `SelectStatement<FromClause<users::table>, diesel::query_builder::select_clause::DefaultSelectClause<FromClause<users::table>>, diesel::query_builder::distinct_clause::NoDistinctClause, diesel::query_builder::where_clause::NoWhereClause, diesel::query_builder::order_clause::NoOrderClause, diesel::query_builder::limit_offset_clause::LimitOffsetClause<diesel::query_builder::limit_clause::NoLimitClause, diesel::query_builder::offset_clause::NoOffsetClause>, diesel::query_builder::group_by_clause::NoGroupByClause, diesel::query_builder::having_clause::NoHavingClause, diesel::query_builder::locking_clause::LockingClause>` to implement `GroupByDsl<_>`
