error[E0277]: the trait bound `posts::columns::id: SelectableExpression<users::table>` is not satisfied
  --> tests/fail/select_requires_column_from_same_table.rs:20:34
   |
20 |     let select_id = users::table.select(posts::id);
   |                                  ^^^^^^ the trait `SelectableExpression<users::table>` is not implemented for `posts::columns::id`
   |
   = help: the following other types implement trait `SelectableExpression<QS>`:
             <posts::columns::id as SelectableExpression<JoinOn<Join, On>>>
             <posts::columns::id as SelectableExpression<Only<posts::table>>>
             <posts::columns::id as SelectableExpression<SelectStatement<FromClause<From>>>>
             <posts::columns::id as SelectableExpression<posts::table>>
             <posts::columns::id as SelectableExpression<query_source::joins::Join<Left, Right, Inner>>>
             <posts::columns::id as SelectableExpression<query_source::joins::Join<Left, Right, LeftOuter>>>
   = note: required because of the requirements on the impl of `SelectDsl<posts::columns::id>` for `SelectStatement<FromClause<users::table>>`
