error[E0277]: the trait bound `i32: FromSql<diesel::sql_types::Text, _>` is not satisfied
  --> tests/fail/select_carries_correct_result_type_info.rs:19:39
   |
19 |     let ids = select_name.load::<i32>(&mut connection);
   |                           ----        ^^^^^^^^^^^^^^^ the trait `FromSql<diesel::sql_types::Text, _>` is not implemented for `i32`
   |                           |
   |                           required by a bound introduced by this call
   |
   = help: the following other types implement trait `FromSql<A, DB>`:
             <i32 as FromSql<diesel::sql_types::Integer, Mysql>>
             <i32 as FromSql<diesel::sql_types::Integer, Pg>>
             <i32 as FromSql<diesel::sql_types::Integer, Sqlite>>
   = note: required for `i32` to implement `Queryable<diesel::sql_types::Text, _>`
   = note: required for `i32` to implement `FromSqlRow<diesel::sql_types::Text, _>`
   = note: required for `diesel::sql_types::Text` to implement `load_dsl::private::CompatibleType<i32, _>`
   = note: required for `SelectStatement<FromClause<users::table>, diesel::query_builder::select_clause::SelectClause<columns::name>>` to implement `LoadQuery<'_, _, i32>`
note: required by a bound in `diesel::RunQueryDsl::load`
  --> $DIESEL/src/query_dsl/mod.rs
   |
   |         Self: LoadQuery<'query, Conn, U>,
   |               ^^^^^^^^^^^^^^^^^^^^^^^^^^ required by this bound in `RunQueryDsl::load`

error[E0277]: the trait bound `*const str: FromSql<diesel::sql_types::Integer, _>` is not satisfied
  --> tests/fail/select_carries_correct_result_type_info.rs:20:42
   |
20 |     let names = select_id.load::<String>(&mut connection);
   |                           ----           ^^^^^^^^^^^^^^^ the trait `FromSql<diesel::sql_types::Integer, _>` is not implemented for `*const str`
   |                           |
   |                           required by a bound introduced by this call
   |
   = help: the following other types implement trait `FromSql<A, DB>`:
             <*const str as FromSql<diesel::sql_types::Text, Mysql>>
             <*const str as FromSql<diesel::sql_types::Text, Pg>>
             <*const str as FromSql<diesel::sql_types::Text, Sqlite>>
   = note: required for `std::string::String` to implement `FromSql<diesel::sql_types::Integer, _>`
   = note: required for `std::string::String` to implement `Queryable<diesel::sql_types::Integer, _>`
   = note: required for `std::string::String` to implement `FromSqlRow<diesel::sql_types::Integer, _>`
   = note: required for `diesel::sql_types::Integer` to implement `load_dsl::private::CompatibleType<std::string::String, _>`
   = note: required for `SelectStatement<FromClause<users::table>, diesel::query_builder::select_clause::SelectClause<columns::id>>` to implement `LoadQuery<'_, _, std::string::String>`
note: required by a bound in `diesel::RunQueryDsl::load`
  --> $DIESEL/src/query_dsl/mod.rs
   |
   |         Self: LoadQuery<'query, Conn, U>,
   |               ^^^^^^^^^^^^^^^^^^^^^^^^^^ required by this bound in `RunQueryDsl::load`
