error[E0277]: the trait bound `SelectStatement<FromClause<users::table>, diesel::query_builder::select_clause::DefaultSelectClause<FromClause<users::table>>, diesel::query_builder::distinct_clause::NoDistinctClause, diesel::query_builder::where_clause::WhereClause<diesel::expression::grouped::Grouped<diesel::expression::operators::Eq<posts::columns::id, diesel::expression::bound::Bound<diesel::sql_types::Integer, i32>>>>>: IntoUpdateTarget` is not satisfied
  --> tests/fail/update_requires_valid_where_clause.rs:21:12
   |
21 |     update(users::table.filter(posts::id.eq(1)));
   |     ------ ^^^^^^^^^^^^^^^^^^^^^^^^^^^^^^^^^^^^ the trait `IntoUpdateTarget` is not implemented for `SelectStatement<FromClause<users::table>, diesel::query_builder::select_clause::DefaultSelectClause<FromClause<users::table>>, diesel::query_builder::distinct_clause::NoDistinctClause, diesel::query_builder::where_clause::WhereClause<diesel::expression::grouped::Grouped<diesel::expression::operators::Eq<posts::columns::id, diesel::expression::bound::Bound<diesel::sql_types::Integer, i32>>>>>`
   |     |
   |     required by a bound introduced by this call
   |
   = help: the trait `IntoUpdateTarget` is implemented for `SelectStatement<FromClause<F>, diesel::query_builder::select_clause::DefaultSelectClause<FromClause<F>>, diesel::query_builder::distinct_clause::NoDistinctClause, W>`
note: required by a bound in `diesel::update`
  --> $DIESEL/src/query_builder/functions.rs
   |
   | pub fn update<T: IntoUpdateTarget>(source: T) -> UpdateStatement<T::Table, T::WhereClause> {
   |                  ^^^^^^^^^^^^^^^^ required by this bound in `diesel::update`

error[E0277]: the trait bound `SelectStatement<FromClause<users::table>, diesel::query_builder::select_clause::DefaultSelectClause<FromClause<users::table>>, diesel::query_builder::distinct_clause::NoDistinctClause, diesel::query_builder::where_clause::WhereClause<diesel::expression::grouped::Grouped<diesel::expression::operators::Eq<posts::columns::id, diesel::expression::bound::Bound<diesel::sql_types::Integer, i32>>>>>: IntoUpdateTarget` is not satisfied
  --> tests/fail/update_requires_valid_where_clause.rs:21:5
   |
21 |     update(users::table.filter(posts::id.eq(1)));
   |     ^^^^^^^^^^^^^^^^^^^^^^^^^^^^^^^^^^^^^^^^^^^^ the trait `IntoUpdateTarget` is not implemented for `SelectStatement<FromClause<users::table>, diesel::query_builder::select_clause::DefaultSelectClause<FromClause<users::table>>, diesel::query_builder::distinct_clause::NoDistinctClause, diesel::query_builder::where_clause::WhereClause<diesel::expression::grouped::Grouped<diesel::expression::operators::Eq<posts::columns::id, diesel::expression::bound::Bound<diesel::sql_types::Integer, i32>>>>>`
   |
   = help: the trait `IntoUpdateTarget` is implemented for `SelectStatement<FromClause<F>, diesel::query_builder::select_clause::DefaultSelectClause<FromClause<F>>, diesel::query_builder::distinct_clause::NoDistinctClause, W>`

error[E0271]: type mismatch resolving `<users::table as AppearsInFromClause<posts::table>>::Count == diesel::query_source::Once`
  --> tests/fail/update_requires_valid_where_clause.rs:23:26
   |
23 |     update(users::table).filter(posts::id.eq(1));
   |                          ^^^^^^ expected struct `diesel::query_source::Never`, found struct `diesel::query_source::Once`
   |
note: required for `posts::columns::id` to implement `AppearsOnTable<users::table>`
  --> tests/fail/update_requires_valid_where_clause.rs:13:9
   |
13 |         id -> Integer,
   |         ^^
   = note: 2 redundant requirements hidden
   = note: required for `diesel::expression::grouped::Grouped<diesel::expression::operators::Eq<posts::columns::id, diesel::expression::bound::Bound<diesel::sql_types::Integer, i32>>>` to implement `AppearsOnTable<users::table>`
   = note: required for `UpdateStatement<users::table, diesel::query_builder::where_clause::NoWhereClause>` to implement `FilterDsl<diesel::expression::grouped::Grouped<diesel::expression::operators::Eq<posts::columns::id, diesel::expression::bound::Bound<diesel::sql_types::Integer, i32>>>>`

error[E0277]: the trait bound `users::table: TableNotEqual<posts::table>` is not satisfied
  --> tests/fail/update_requires_valid_where_clause.rs:23:26
   |
23 |     update(users::table).filter(posts::id.eq(1));
   |                          ^^^^^^ the trait `TableNotEqual<posts::table>` is not implemented for `users::table`
   |
   = help: the following other types implement trait `TableNotEqual<T>`:
             <Only<pg::metadata_lookup::pg_namespace::table> as TableNotEqual<pg::metadata_lookup::pg_type::table>>
             <Only<pg::metadata_lookup::pg_type::table> as TableNotEqual<pg::metadata_lookup::pg_namespace::table>>
             <pg::metadata_lookup::pg_namespace::table as TableNotEqual<Only<pg::metadata_lookup::pg_type::table>>>
             <pg::metadata_lookup::pg_namespace::table as TableNotEqual<pg::metadata_lookup::pg_type::table>>
             <pg::metadata_lookup::pg_type::table as TableNotEqual<Only<pg::metadata_lookup::pg_namespace::table>>>
             <pg::metadata_lookup::pg_type::table as TableNotEqual<pg::metadata_lookup::pg_namespace::table>>
   = note: required for `users::table` to implement `AppearsInFromClause<posts::table>`
note: required for `posts::columns::id` to implement `AppearsOnTable<users::table>`
  --> tests/fail/update_requires_valid_where_clause.rs:13:9
   |
13 |         id -> Integer,
   |         ^^
   = note: 2 redundant requirements hidden
   = note: required for `diesel::expression::grouped::Grouped<diesel::expression::operators::Eq<posts::columns::id, diesel::expression::bound::Bound<diesel::sql_types::Integer, i32>>>` to implement `AppearsOnTable<users::table>`
   = note: required for `UpdateStatement<users::table, diesel::query_builder::where_clause::NoWhereClause>` to implement `FilterDsl<diesel::expression::grouped::Grouped<diesel::expression::operators::Eq<posts::columns::id, diesel::expression::bound::Bound<diesel::sql_types::Integer, i32>>>>`

error[E0271]: type mismatch resolving `<users::table as AppearsInFromClause<posts::table>>::Count == diesel::query_source::Once`
  --> tests/fail/update_requires_valid_where_clause.rs:26:10
   |
26 |         .filter(posts::id.eq(1));
   |          ^^^^^^ expected struct `diesel::query_source::Never`, found struct `diesel::query_source::Once`
   |
note: required for `posts::columns::id` to implement `AppearsOnTable<users::table>`
  --> tests/fail/update_requires_valid_where_clause.rs:13:9
   |
13 |         id -> Integer,
   |         ^^
   = note: 2 redundant requirements hidden
   = note: required for `diesel::expression::grouped::Grouped<diesel::expression::operators::Eq<posts::columns::id, diesel::expression::bound::Bound<diesel::sql_types::Integer, i32>>>` to implement `AppearsOnTable<users::table>`
   = note: required for `UpdateStatement<users::table, diesel::query_builder::where_clause::NoWhereClause, diesel::query_builder::update_statement::changeset::Assign<diesel::query_builder::update_statement::changeset::ColumnWrapperForUpdate<users::columns::id>, diesel::expression::bound::Bound<diesel::sql_types::Integer, i32>>>` to implement `FilterDsl<diesel::expression::grouped::Grouped<diesel::expression::operators::Eq<posts::columns::id, diesel::expression::bound::Bound<diesel::sql_types::Integer, i32>>>>`

error[E0277]: the trait bound `users::table: TableNotEqual<posts::table>` is not satisfied
  --> tests/fail/update_requires_valid_where_clause.rs:26:10
   |
26 |         .filter(posts::id.eq(1));
   |          ^^^^^^ the trait `TableNotEqual<posts::table>` is not implemented for `users::table`
   |
   = help: the following other types implement trait `TableNotEqual<T>`:
             <Only<pg::metadata_lookup::pg_namespace::table> as TableNotEqual<pg::metadata_lookup::pg_type::table>>
             <Only<pg::metadata_lookup::pg_type::table> as TableNotEqual<pg::metadata_lookup::pg_namespace::table>>
             <pg::metadata_lookup::pg_namespace::table as TableNotEqual<Only<pg::metadata_lookup::pg_type::table>>>
             <pg::metadata_lookup::pg_namespace::table as TableNotEqual<pg::metadata_lookup::pg_type::table>>
             <pg::metadata_lookup::pg_type::table as TableNotEqual<Only<pg::metadata_lookup::pg_namespace::table>>>
             <pg::metadata_lookup::pg_type::table as TableNotEqual<pg::metadata_lookup::pg_namespace::table>>
   = note: required for `users::table` to implement `AppearsInFromClause<posts::table>`
note: required for `posts::columns::id` to implement `AppearsOnTable<users::table>`
  --> tests/fail/update_requires_valid_where_clause.rs:13:9
   |
13 |         id -> Integer,
   |         ^^
   = note: 2 redundant requirements hidden
   = note: required for `diesel::expression::grouped::Grouped<diesel::expression::operators::Eq<posts::columns::id, diesel::expression::bound::Bound<diesel::sql_types::Integer, i32>>>` to implement `AppearsOnTable<users::table>`
   = note: required for `UpdateStatement<users::table, diesel::query_builder::where_clause::NoWhereClause, diesel::query_builder::update_statement::changeset::Assign<diesel::query_builder::update_statement::changeset::ColumnWrapperForUpdate<users::columns::id>, diesel::expression::bound::Bound<diesel::sql_types::Integer, i32>>>` to implement `FilterDsl<diesel::expression::grouped::Grouped<diesel::expression::operators::Eq<posts::columns::id, diesel::expression::bound::Bound<diesel::sql_types::Integer, i32>>>>`

error[E0277]: the trait bound `SelectStatement<FromClause<users::table>, diesel::query_builder::select_clause::DefaultSelectClause<FromClause<users::table>>, diesel::query_builder::distinct_clause::NoDistinctClause, diesel::query_builder::where_clause::WhereClause<diesel::expression::grouped::Grouped<diesel::expression::operators::Eq<posts::columns::id, diesel::expression::bound::Bound<diesel::sql_types::Integer, i32>>>>>: IntoUpdateTarget` is not satisfied
  --> tests/fail/update_requires_valid_where_clause.rs:21:5
   |
21 |     update(users::table.filter(posts::id.eq(1)));
   |     ^^^^^^ the trait `IntoUpdateTarget` is not implemented for `SelectStatement<FromClause<users::table>, diesel::query_builder::select_clause::DefaultSelectClause<FromClause<users::table>>, diesel::query_builder::distinct_clause::NoDistinctClause, diesel::query_builder::where_clause::WhereClause<diesel::expression::grouped::Grouped<diesel::expression::operators::Eq<posts::columns::id, diesel::expression::bound::Bound<diesel::sql_types::Integer, i32>>>>>`
   |
   = help: the trait `IntoUpdateTarget` is implemented for `SelectStatement<FromClause<F>, diesel::query_builder::select_clause::DefaultSelectClause<FromClause<F>>, diesel::query_builder::distinct_clause::NoDistinctClause, W>`
