---
source: diesel_cli/tests/migration_generate.rs
assertion_line: 314
description: "Test: diff_drop_table_with_fk"
---
-- This file should undo anything in `up.sql`
CREATE TABLE `posts`(
	`id` INTEGER NOT NULL PRIMARY KEY,
	`title` TEXT NOT NULL,
	`user_id` INTEGER NOT NULL REFERENCES `users`(`id`)
);



